// Jest Snapshot v1, https://goo.gl/fbAQLP

exports[`Loader Component Button version matches the snapshot 1`] = `
<div
  className="bcgov-btn-loader"
/>
`;

exports[`Loader Component Page version matches the snapshot 1`] = `
Array [
  <div
    className="bcgov-page-loader"
  />,
  <br />,
  "Loading... Please Wait",
]
`;
