// Jest Snapshot v1, https://goo.gl/fbAQLP

exports[`ConfirmationPopup Component Matches the snapshot 1`] = `
<ConfirmationPopup
  cancelButton={
    Object {
      "label": "No, resume my process please",
      "onClick": [MockFunction],
      "styling": "bcgov-normal-white btn bcgov-consistent-width",
    }
  }
  confirmButton={
    Object {
      "label": "Yes, cancel my process please",
      "onClick": [MockFunction],
      "styling": "bcgov-normal-blue btn bcgov-consistent-width",
    }
  }
  mainButton={
    Object {
      "label": "main label",
      "onClick": [MockFunction],
      "styling": "bcgov-normal-blue btn",
    }
  }
  modal={
    Object {
      "body": [Function],
      "show": true,
      "title": "Cancel process?",
    }
  }
>
  <Button
    disabled={false}
    hasLoader={false}
    label="main label"
    onClick={[MockFunction]}
    styling="bcgov-normal-blue btn"
    testId="main-cancel-btn"
  >
    <button
      className="bcgov-button bcgov-normal-blue btn"
      data-testid="main-cancel-btn"
      disabled={false}
      onClick={[MockFunction]}
      type="button"
    >
      main label
    </button>
  </Button>
  <Modal
    animation={true}
    autoFocus={true}
    backdrop={true}
    dialogAs={
      Object {
        "$$typeof": Symbol(react.forward_ref),
        "displayName": "ModalDialog",
        "render": [Function],
      }
    }
    enforceFocus={true}
    keyboard={true}
    onHide={[MockFunction]}
    restoreFocus={true}
    show={true}
  >
    <Modal
      autoFocus={true}
      backdrop={true}
      backdropTransition={[Function]}
      containerClassName="modal-open"
      enforceFocus={true}
      keyboard={true}
      manager={
        BootstrapModalManager {
          "containers": Array [
            <body
              class="modal-open"
              style="padding-right: 0px;"
            >
              <div
                class="fade modal-backdrop show"
              />
              <div
                aria-modal="true"
                class="fade modal show"
                role="dialog"
                style="display: block;"
                tabindex="-1"
              >
                <div
                  class="modal-dialog"
                >
                  <div
                    class="modal-content"
                  >
                    <div
                      class="bcgov-hide-border mt-3 modal-header"
                    >
                      <div
                        class="mx-auto bcgov-larger-font modal-title h4"
                      >
                        Cancel process?
                      </div>
                      <button
                        class="close"
                        type="button"
                      >
                        <span
                          aria-hidden="true"
                        >
                          ×
                        </span>
                        <span
                          class="sr-only"
                        >
                          Close
                        </span>
                      </button>
                    </div>
                    <div
                      class="mx-auto"
                    >
                      <div
                        class="bcgov-padding-left modal-body"
                      >
                        <p>
                          Your files will not be submitted.
                        </p>
                        <p>
                          You will be returned to:
                          <br />
                          <b>
                            Original
                          </b>
                           website
                        </p>
                      </div>
                      <div
                        class="mx-auto mb-5"
                      >
                        <button
                          class="bcgov-button bcgov-normal-blue btn bcgov-consistent-width"
                          data-testid="modal-confirm-btn"
                          type="button"
                        >
                          Yes, cancel my process please
                        </button>
                        <p />
                        <button
                          class="bcgov-button bcgov-normal-white btn bcgov-consistent-width"
                          data-testid="modal-cancel-btn"
                          type="button"
                        >
                          No, resume my process please
                        </button>
                      </div>
                    </div>
                  </div>
                </div>
              </div>
            </body>,
          ],
          "data": Array [
            Object {
              "classes": Array [
                "modal-open",
              ],
              "modals": Array [
                Object {
                  "add": [Function],
                  "backdrop": <div
                    class="fade modal-backdrop show"
                  />,
                  "dialog": <div
                    aria-modal="true"
                    class="fade modal show"
                    role="dialog"
                    style="display: block;"
                    tabindex="-1"
                  >
                    <div
                      class="modal-dialog"
                    >
                      <div
                        class="modal-content"
                      >
                        <div
                          class="bcgov-hide-border mt-3 modal-header"
                        >
                          <div
                            class="mx-auto bcgov-larger-font modal-title h4"
                          >
                            Cancel process?
                          </div>
                          <button
                            class="close"
                            type="button"
                          >
                            <span
                              aria-hidden="true"
                            >
                              ×
                            </span>
                            <span
                              class="sr-only"
                            >
                              Close
                            </span>
                          </button>
                        </div>
                        <div
                          class="mx-auto"
                        >
                          <div
                            class="bcgov-padding-left modal-body"
                          >
                            <p>
                              Your files will not be submitted.
                            </p>
                            <p>
                              You will be returned to:
                              <br />
                              <b>
                                Original
                              </b>
                               website
                            </p>
                          </div>
                          <div
                            class="mx-auto mb-5"
                          >
                            <button
                              class="bcgov-button bcgov-normal-blue btn bcgov-consistent-width"
                              data-testid="modal-confirm-btn"
                              type="button"
                            >
                              Yes, cancel my process please
                            </button>
                            <p />
                            <button
                              class="bcgov-button bcgov-normal-white btn bcgov-consistent-width"
                              data-testid="modal-cancel-btn"
                              type="button"
                            >
                              No, resume my process please
                            </button>
                          </div>
                        </div>
                      </div>
                    </div>
                  </div>,
                  "isTopModal": [Function],
                  "remove": [Function],
                  "setBackdropRef": [Function],
                  "setDialogRef": [Function],
                },
              ],
              "overflowing": true,
              "style": Object {
                "overflow": "",
                "paddingRight": "",
              },
            },
          ],
          "handleContainerOverflow": true,
          "hideSiblingNodes": true,
          "modals": Array [
            Object {
              "add": [Function],
              "backdrop": <div
                class="fade modal-backdrop show"
              />,
              "dialog": <div
                aria-modal="true"
                class="fade modal show"
                role="dialog"
                style="display: block;"
                tabindex="-1"
              >
                <div
                  class="modal-dialog"
                >
                  <div
                    class="modal-content"
                  >
                    <div
                      class="bcgov-hide-border mt-3 modal-header"
                    >
                      <div
                        class="mx-auto bcgov-larger-font modal-title h4"
                      >
                        Cancel process?
                      </div>
                      <button
                        class="close"
                        type="button"
                      >
                        <span
                          aria-hidden="true"
                        >
                          ×
                        </span>
                        <span
                          class="sr-only"
                        >
                          Close
                        </span>
                      </button>
                    </div>
                    <div
                      class="mx-auto"
                    >
                      <div
                        class="bcgov-padding-left modal-body"
                      >
                        <p>
                          Your files will not be submitted.
                        </p>
                        <p>
                          You will be returned to:
                          <br />
                          <b>
                            Original
                          </b>
                           website
                        </p>
                      </div>
                      <div
                        class="mx-auto mb-5"
                      >
                        <button
                          class="bcgov-button bcgov-normal-blue btn bcgov-consistent-width"
                          data-testid="modal-confirm-btn"
                          type="button"
                        >
                          Yes, cancel my process please
                        </button>
                        <p />
                        <button
                          class="bcgov-button bcgov-normal-white btn bcgov-consistent-width"
                          data-testid="modal-cancel-btn"
                          type="button"
                        >
                          No, resume my process please
                        </button>
                      </div>
                    </div>
                  </div>
                </div>
              </div>,
              "isTopModal": [Function],
              "remove": [Function],
              "setBackdropRef": [Function],
              "setDialogRef": [Function],
            },
          ],
          "scrollbarSize": 0,
        }
      }
      onEnter={[Function]}
      onEntering={[Function]}
      onEscapeKeyDown={[Function]}
      onExit={[Function]}
      onExited={[Function]}
      onHide={[MockFunction]}
      renderBackdrop={[Function]}
      renderDialog={[Function]}
      restoreFocus={true}
      show={true}
      transition={[Function]}
    >
      <Portal
        containerInfo={
          <body
            class="modal-open"
            style="padding-right: 0px;"
          >
            <div
              class="fade modal-backdrop show"
            />
            <div
              aria-modal="true"
              class="fade modal show"
              role="dialog"
              style="display: block;"
              tabindex="-1"
            >
              <div
                class="modal-dialog"
              >
                <div
                  class="modal-content"
                >
                  <div
                    class="bcgov-hide-border mt-3 modal-header"
                  >
                    <div
                      class="mx-auto bcgov-larger-font modal-title h4"
                    >
                      Cancel process?
                    </div>
                    <button
                      class="close"
                      type="button"
                    >
                      <span
                        aria-hidden="true"
                      >
                        ×
                      </span>
                      <span
                        class="sr-only"
                      >
                        Close
                      </span>
                    </button>
                  </div>
                  <div
                    class="mx-auto"
                  >
                    <div
                      class="bcgov-padding-left modal-body"
                    >
                      <p>
                        Your files will not be submitted.
                      </p>
                      <p>
                        You will be returned to:
                        <br />
                        <b>
                          Original
                        </b>
                         website
                      </p>
                    </div>
                    <div
                      class="mx-auto mb-5"
                    >
                      <button
                        class="bcgov-button bcgov-normal-blue btn bcgov-consistent-width"
                        data-testid="modal-confirm-btn"
                        type="button"
                      >
                        Yes, cancel my process please
                      </button>
                      <p />
                      <button
                        class="bcgov-button bcgov-normal-white btn bcgov-consistent-width"
                        data-testid="modal-cancel-btn"
                        type="button"
                      >
                        No, resume my process please
                      </button>
                    </div>
                  </div>
                </div>
              </div>
            </div>
          </body>
        }
      >
        <BackdropTransition
          appear={true}
          in={true}
        >
          <Fade
            appear={true}
            in={true}
            mountOnEnter={false}
            timeout={null}
            unmountOnExit={false}
          >
            <Transition
              addEndListener={[Function]}
              appear={true}
              enter={true}
              exit={true}
              in={true}
              mountOnEnter={false}
              onEnter={[Function]}
              onEntered={[Function]}
              onEntering={[Function]}
              onExit={[Function]}
              onExited={[Function]}
              onExiting={[Function]}
              timeout={null}
              unmountOnExit={false}
            >
              <div
                className="fade modal-backdrop show"
                onClick={[Function]}
              />
            </Transition>
          </Fade>
        </BackdropTransition>
        <DialogTransition
          appear={true}
          in={true}
          onEnter={[Function]}
          onEntering={[Function]}
          onExit={[Function]}
          onExited={[Function]}
          unmountOnExit={true}
        >
          <Fade
            appear={true}
            in={true}
            mountOnEnter={false}
            onEnter={[Function]}
            onEntering={[Function]}
            onExit={[Function]}
            onExited={[Function]}
            timeout={null}
            unmountOnExit={true}
          >
            <Transition
              addEndListener={[Function]}
              appear={true}
              enter={true}
              exit={true}
              in={true}
              mountOnEnter={false}
              onEnter={[Function]}
              onEntered={[Function]}
              onEntering={[Function]}
              onExit={[Function]}
              onExited={[Function]}
              onExiting={[Function]}
              timeout={null}
              unmountOnExit={true}
            >
              <div
                aria-modal={true}
                className="fade modal show"
                onClick={[Function]}
                onMouseUp={[Function]}
                role="dialog"
                style={
                  Object {
                    "paddingLeft": undefined,
                    "paddingRight": undefined,
                  }
                }
                tabIndex={-1}
              >
                <ModalDialog
                  onMouseDown={[Function]}
                >
                  <div
                    className="modal-dialog"
                    onMouseDown={[Function]}
                  >
                    <div
                      className="modal-content"
                    >
                      <ModalHeader
                        className="bcgov-hide-border mt-3"
                        closeButton={true}
                        closeLabel="Close"
                      >
                        <div
                          className="bcgov-hide-border mt-3 modal-header"
                        >
                          <ModalTitle
                            className="mx-auto bcgov-larger-font"
                          >
                            <ForwardRef
                              className="mx-auto bcgov-larger-font modal-title"
                            >
                              <div
                                className="mx-auto bcgov-larger-font modal-title h4"
                              >
                                Cancel process?
                              </div>
                            </ForwardRef>
                          </ModalTitle>
                          <CloseButton
                            label="Close"
                            onClick={[Function]}
                          >
                            <button
                              className="close"
                              onClick={[Function]}
                              type="button"
                            >
                              <span
                                aria-hidden="true"
                              >
                                ×
                              </span>
                              <span
                                className="sr-only"
                              >
                                Close
                              </span>
                            </button>
                          </CloseButton>
                        </div>
                      </ModalHeader>
                      <div
                        className="mx-auto"
                      >
                        <ModalBody
                          className="bcgov-padding-left"
                        >
                          <div
                            className="bcgov-padding-left modal-body"
                          >
                            <p>
                              Your files will not be submitted.
                            </p>
                            <p>
                              You will be returned to:
                              <br />
                              <b>
                                Original
                              </b>
                               website
                            </p>
                          </div>
                        </ModalBody>
                        <div
                          className="mx-auto mb-5"
                        >
                          <Button
                            disabled={false}
                            hasLoader={false}
                            label="Yes, cancel my process please"
                            onClick={[MockFunction]}
                            styling="bcgov-normal-blue btn bcgov-consistent-width"
                            testId="modal-confirm-btn"
                          >
                            <button
                              className="bcgov-button bcgov-normal-blue btn bcgov-consistent-width"
                              data-testid="modal-confirm-btn"
                              disabled={false}
                              onClick={[MockFunction]}
                              type="button"
                            >
                              Yes, cancel my process please
                            </button>
                          </Button>
                          <p />
                          <Button
                            disabled={false}
                            hasLoader={false}
                            label="No, resume my process please"
                            onClick={[MockFunction]}
                            styling="bcgov-normal-white btn bcgov-consistent-width"
                            testId="modal-cancel-btn"
                          >
                            <button
                              className="bcgov-button bcgov-normal-white btn bcgov-consistent-width"
                              data-testid="modal-cancel-btn"
                              disabled={false}
                              onClick={[MockFunction]}
                              type="button"
                            >
                              No, resume my process please
                            </button>
                          </Button>
                        </div>
                      </div>
                    </div>
                  </div>
                </ModalDialog>
              </div>
            </Transition>
          </Fade>
        </DialogTransition>
      </Portal>
    </Modal>
  </Modal>
</ConfirmationPopup>
`;
